---
source: src/config/theme.rs
expression: "rows.join(\"\\n\")"
---
256 Dark (dark)
256 Light (light)
Monochrome Dark (dark)
Ayu (dark)
Catppuccin (dark)
Catppuccin Latte (light)
Dracula (dark)
Edamame (dark)
Everforest (dark)
GitHub Dark (dark)
GitHub Light (light)
Gruvbox (dark)
Gruvbox Light (light)
Kanagawa (dark)
Monokai (dark)
Nord (dark)
One Dark (dark)
Orng (dark)
Rainbow (dark)
Rosé Pine (dark)
Rosé Pine Dawn (light)
Solarized Dark (dark)
Solarized Light (light)
SynthWave '84 (dark)
Tokyo Night (dark)
Tokyo Night Day (light)
Zenburn (dark)
