---
source: src/config/keymap.rs
expression: "rows.join(\"\\n\")"
---
alt+backspace = TableDeleteRow
alt+down = TableMoveRowDown
alt+left = TableMoveColumnLeft
alt+right = TableMoveColumnRight
alt+shift+backspace = TableDeleteColumn
alt+shift+down = TableInsertRowBelow
alt+shift+left = TableInsertColumnLeft
alt+shift+right = TableInsertColumnRight
alt+shift+up = TableInsertRowAbove
alt+up = TableMoveRowUp
backspace = DeleteCharBack
ctrl+` = ToggleRawMode
ctrl+a = SelectAll
ctrl+b = BoldSelection
ctrl+backspace = DeleteWordBack
ctrl+c = Copy
ctrl+d = DeleteLine
ctrl+delete = DeleteWordForward
ctrl+e = MoveLineEnd
ctrl+end = MoveDocEnd
ctrl+enter = FollowLinkUnderCursor
ctrl+f = OpenSearch
ctrl+g = GoToSection
ctrl+home = MoveDocStart
ctrl+i = ItalicizeSelection
ctrl+left = MoveWordLeft
ctrl+p = ShowCommandPalette
ctrl+q = Quit
ctrl+r = Redo
ctrl+right = MoveWordRight
ctrl+s = Save
ctrl+shift+t = InsertTable
ctrl+shift+z = Redo
ctrl+space = ToggleCheckbox
ctrl+v = Paste
ctrl+x = Cut
ctrl+z = Undo
delete = DeleteCharForward
down = MoveDown
end = ScrollToBottom
enter = Newline
escape = ExitToPreview
home = ScrollToTop
left = MoveLeft
page_down = ScrollPageDown
page_up = ScrollPageUp
right = MoveRight
shift+down = SelectDown
shift+enter = TableInsertBreak
shift+left = SelectLeft
shift+right = SelectRight
shift+tab = TablePrevCell
shift+up = SelectUp
tab = InsertTab
up = MoveUp
