---
source: tests/renderer.rs
expression: output
---
[
    " rust ",
    " fn hello() {                                                                   ",
    "     println!(\"hi\");                                                            ",
    " }                                                                              ",
    "\u{a0}\u{a0}\u{a0}\u{a0}\u{a0}\u{a0}\u{a0}\u{a0}\u{a0}\u{a0}\u{a0}\u{a0}\u{a0}\u{a0}\u{a0}\u{a0}\u{a0}\u{a0}\u{a0}\u{a0}\u{a0}\u{a0}\u{a0}\u{a0}\u{a0}\u{a0}\u{a0}\u{a0}\u{a0}\u{a0}\u{a0}\u{a0}\u{a0}\u{a0}\u{a0}\u{a0}\u{a0}\u{a0}\u{a0}\u{a0}\u{a0}\u{a0}\u{a0}\u{a0}\u{a0}\u{a0}\u{a0}\u{a0}\u{a0}\u{a0}\u{a0}\u{a0}\u{a0}\u{a0}\u{a0}\u{a0}\u{a0}\u{a0}\u{a0}\u{a0}\u{a0}\u{a0}\u{a0}\u{a0}\u{a0}\u{a0}\u{a0}\u{a0}\u{a0}\u{a0}\u{a0}\u{a0}\u{a0}\u{a0}\u{a0}\u{a0}\u{a0}\u{a0}\u{a0}\u{a0}",
]
