---
source: tests/renderer.rs
expression: output
---
[
    "╭─ rust ────────────────────────────────────────────────────────────────────── ╮",
    "│ fn hello() {                                                                   │",
    "│     println!(\"hi\");                                                            │",
    "│ }                                                                              │",
    "╰──────────────────────────────────────────────────────────────────────────────╯",
    "",
]
